// Jest Snapshot v1, https://goo.gl/fbAQLP

exports[`Prueba en <GifGrid /> debe mostrar correctamente el componente 1`] = `
<Fragment>
  <h3
    className="animate__animated animate__fadeIn"
  >
    Bobs Burgers
  </h3>
  <p
    className="animate__animated animate__fadeIn"
  >
    Loading...
  </p>
  <div
    className="card-grid"
  />
</Fragment>
`;
